// Vitest Snapshot v1, https://vitest.dev/guide/snapshot.html

exports[`matches snapshot 1`] = `
<DocumentFragment>
  <div
    class="box-div"
  >
    <div
      class="box"
    />
    <button
      class="remove-btn"
    >
      X
    </button>
  </div>
</DocumentFragment>
`;
